---

---
/com
---
/com/example
---
/com/example/dto
---
/com/example/dto/A.java
package com.example.dto;

import com.fasterxml.jackson.annotation.JsonSubTypes;
import com.fasterxml.jackson.annotation.JsonTypeInfo;
import com.fasterxml.jackson.databind.PropertyNamingStrategies;
import com.fasterxml.jackson.databind.annotation.JsonNaming;
import lombok.Data;

@Data
@JsonNaming(PropertyNamingStrategies.SnakeCaseStrategy.class)
@JsonTypeInfo(
    use = JsonTypeInfo.Id.NAME,
    include = JsonTypeInfo.As.PROPERTY,
    property = "type"
)
@JsonSubTypes({
    @JsonSubTypes.Type(value = B.class, name = "b"),
    @JsonSubTypes.Type(value = C.class, name = "c"),
    @JsonSubTypes.Type(value = D.class, name = "d")})
public class A {
  private B value;
}
---
/com/example/dto/B.java
package com.example.dto;

import com.fasterxml.jackson.databind.PropertyNamingStrategies;
import com.fasterxml.jackson.databind.annotation.JsonNaming;
import lombok.Data;

@Data
@JsonNaming(PropertyNamingStrategies.SnakeCaseStrategy.class)
public class B extends A {
  private C value;
}
---
/com/example/dto/C.java
package com.example.dto;

import com.fasterxml.jackson.databind.PropertyNamingStrategies;
import com.fasterxml.jackson.databind.annotation.JsonNaming;
import lombok.Data;

@Data
@JsonNaming(PropertyNamingStrategies.SnakeCaseStrategy.class)
public class C extends B {
  private D value;
}
---
/com/example/dto/D.java
package com.example.dto;

import com.fasterxml.jackson.databind.PropertyNamingStrategies;
import com.fasterxml.jackson.databind.annotation.JsonNaming;
import lombok.Data;

@Data
@JsonNaming(PropertyNamingStrategies.SnakeCaseStrategy.class)
public class D extends C {
}
