---

---
/com
---
/com/example
---
/com/example/dto
---
/com/example/dto/A.kt
package com.example.dto

import com.fasterxml.jackson.`annotation`.JsonSubTypes
import com.fasterxml.jackson.`annotation`.JsonTypeInfo
import com.fasterxml.jackson.databind.PropertyNamingStrategies
import com.fasterxml.jackson.databind.`annotation`.JsonNaming

@JsonNaming(value = PropertyNamingStrategies.SnakeCaseStrategy::class)
@JsonTypeInfo(
  use = JsonTypeInfo.Id.NAME,
  include = JsonTypeInfo.As.PROPERTY,
  property = "type",
)
@JsonSubTypes(
  JsonSubTypes.Type(value = B::class, name = "b"),
  JsonSubTypes.Type(value = C::class, name = "c"),
  JsonSubTypes.Type(value = D::class, name = "d"),
)
public sealed class A(
  public open val `value`: B? = null,
)
---
/com/example/dto/B.kt
package com.example.dto

import com.fasterxml.jackson.databind.PropertyNamingStrategies
import com.fasterxml.jackson.databind.`annotation`.JsonNaming

@JsonNaming(value = PropertyNamingStrategies.SnakeCaseStrategy::class)
public sealed class B(
  open override val `value`: C? = null,
) : A()
---
/com/example/dto/C.kt
package com.example.dto

import com.fasterxml.jackson.databind.PropertyNamingStrategies
import com.fasterxml.jackson.databind.`annotation`.JsonNaming

@JsonNaming(value = PropertyNamingStrategies.SnakeCaseStrategy::class)
public sealed class C(
  open override val `value`: D? = null,
) : B()
---
/com/example/dto/D.kt
package com.example.dto

import com.fasterxml.jackson.databind.PropertyNamingStrategies
import com.fasterxml.jackson.databind.`annotation`.JsonNaming

@JsonNaming(value = PropertyNamingStrategies.SnakeCaseStrategy::class)
public object D : C()
